MAP
  NAME "Servidor de mapas geologicos de uganda"
  # Map image size
  SIZE 2000 2000
  UNITS meters
  MAXSIZE 10000
  #/var/webs/minewatch-mlf.argongra.com/html/los_frailes/ms_error.txt

  CONFIG "MS_ERRORFILE" ".\ms_error.txt"
  DEBUG 5


  #FONTSET 'C:\ms4w\Apache\htdocs\melchor\fonts\labels.lst'
  #SYMBOLSET 'C:\ms4w\Apache\htdocs\melchor\symbols\symbols2.txt'

  PROJECTION
    "init=epsg:3857"
  END

  # Background color for the map canvas -- change as desired
  IMAGECOLOR 128 128 255
  IMAGEQUALITY 95
  IMAGETYPE png

  OUTPUTFORMAT
     NAME "png"
     MIMETYPE "image/png"
     DRIVER "AGG/PNG"
     EXTENSION "png"
     IMAGEMODE RGBA
     TRANSPARENT ON
     FORMATOPTION          "INTERLACE=OFF"   #for tilecache, metaTile On
  END


  # Legend
  LEGEND
    IMAGECOLOR 255 255 255
    STATUS ON
	TRANSPARENT OFF
    KEYSIZE 16 10
    LABEL
      TYPE truetype
      FONT ver
      SIZE 8
      COLOR 0 0 0
    END
  END

  # Web interface definition. Only the template parameter
  # is required to display a map. See MapServer documentation
  WEB
    # Set IMAGEPATH to the path where MapServer should
    # write its output.
    IMAGEPATH '\\tmp\\'

    # Set IMAGEURL to the url that points to IMAGEPATH
    # as defined in your web server configuration
    IMAGEURL '\\tmp\\'

    # WMS server settings
    METADATA
      'ows_enable_request'  '*'
      'wms_title'           'Servidor_Mapas_PS'
      'wms_onlineresource'  'http:\\\\apps.argongra.com\\cgi-bin\\mapserv?MAP=c:\\datos\\catastro\\catastro.map'
      'wms_srs'             "EPSG:3857"
      'wms_feature_info_mime_type'   'text\\html'
	  "wms_rangeset_nullvalue" "-9999"

    END

    #Scale range at which web interface will operate
    # Template and header\\footer settings
    # Only the template parameter is required to display a map. See MapServer documentation
    TEMPLATE 'fooOnlyForWMSGetFeatureInfo'
  END



	LEGEND
		  STATUS ON
		  KEYSIZE 22 22
		  KEYSPACING 5 6

		  # LABEL object
		  LABEL
			TYPE BITMAP
			SIZE MEDIUM
			COLOR 0 0 89
          END
          TEMPLATE "legend.html"  ### HTML template file
    END


	LAYER
		NAME 'aoi'
		TYPE POLYGON

		TEMPLATE fooOnlyForWMSGetFeatureInfo
		CONNECTIONTYPE postgis
		CONNECTION "dbname='project_manager' host='localhost' port=5432 user='postgres' password='postgres' sslmode=disable"
		DATA 'geom FROM (select id, geom from projects_proposal) as foo using unique gid using srid=3857'

		METADATA
		  'ows_title' 'geom'
		END
		PROJECTION
			"init=epsg:3857"
		END
		#CLASSITEM 'id'

		CLASS
            STYLE
                OUTLINECOLOR  255 255 255
            END
        END
	END

END